Information: Updating design information... (UID-85)
 
****************************************
Report : timing
        -path full
        -delay max
        -max_paths 1
Design : MyDesign
Version: T-2022.03-SP4
Date   : Sun Nov 26 12:37:01 2023
****************************************

Operating Conditions: slow   Library: NangateOpenCellLibrary_PDKv1_2_v2008_10_slow_nldm
Wire Load Model Mode: top

  Startpoint: current_state_reg[0]
              (rising edge-triggered flip-flop clocked by clk)
  Endpoint: scratchpad_sram_write_data[62]
            (output port clocked by clk)
  Path Group: clk
  Path Type: max

  Point                                                   Incr       Path
  --------------------------------------------------------------------------
  clock clk (rise edge)                                 0.0000     0.0000
  clock network delay (ideal)                           0.0000     0.0000
  current_state_reg[0]/CK (DFF_X1)                      0.0000     0.0000 r
  current_state_reg[0]/QN (DFF_X1)                      0.4679     0.4679 r
  U5263/ZN (NAND3_X1)                                   0.2011     0.6690 f
  U5275/ZN (NOR2_X1)                                    0.6369     1.3058 r
  U4538/ZN (INV_X1)                                     0.2187     1.5245 f
  U3064/ZN (INV_X8)                                     0.4468     1.9713 r
  U19189/ZN (NAND2_X1)                                  0.1115     2.0828 f
  U19190/ZN (NAND4_X1)                                  0.6226     2.7054 r
  U2995/ZN (OR4_X1)                                     0.3756     3.0810 r
  U19216/ZN (NOR2_X1)                                   0.0553     3.1363 f
  U3339/ZN (AND2_X1)                                    0.1991     3.3353 f
  U2903/ZN (AND4_X1)                                    0.3017     3.6370 f
  U19557/ZN (NOR2_X1)                                   0.2356     3.8727 r
  U19559/S (HA_X1)                                      0.7142     4.5869 r
  U19582/CO (FA_X1)                                     0.4869     5.0738 r
  U19583/S (FA_X1)                                      0.8047     5.8785 f
  U19585/CO (FA_X1)                                     0.5450     6.4235 f
  U19587/CO (FA_X1)                                     0.5172     6.9407 f
  U19588/CO (FA_X1)                                     0.5172     7.4580 f
  U19589/CO (FA_X1)                                     0.5172     7.9752 f
  U19590/CO (FA_X1)                                     0.5172     8.4924 f
  U19591/CO (FA_X1)                                     0.5172     9.0097 f
  U19592/CO (FA_X1)                                     0.5172     9.5269 f
  U19593/CO (FA_X1)                                     0.5172    10.0442 f
  U19594/CO (FA_X1)                                     0.5172    10.5614 f
  U19584/S (FA_X1)                                      0.6626    11.2240 f
  U3855/ZN (OR2_X1)                                     0.2322    11.4562 f
  U3854/ZN (OR2_X1)                                     0.3065    11.7628 f
  U2806/ZN (XNOR2_X2)                                   0.5081    12.2709 r
  U2803/ZN (INV_X2)                                     0.1257    12.3966 f
  U19637/ZN (AND2_X1)                                   0.2635    12.6601 f
  U19657/ZN (NAND2_X1)                                  0.1043    12.7644 r
  U19658/ZN (AND2_X2)                                   0.3002    13.0647 r
  U19720/ZN (NAND2_X1)                                  0.1337    13.1984 f
  U2783/ZN (INV_X4)                                     0.3664    13.5648 r
  U19738/ZN (NAND2_X1)                                  0.1092    13.6740 f
  U19739/ZN (NAND4_X1)                                  0.4050    14.0790 r
  U19741/ZN (AOI22_X1)                                  0.1961    14.2752 f
  U2756/ZN (AND2_X1)                                    0.3143    14.5895 f
  U19756/Z (MUX2_X1)                                    0.5376    15.1271 f
  U24069/ZN (OAI222_X1)                                 0.8190    15.9461 r
  U24073/S (FA_X1)                                      0.8421    16.7883 f
  U4919/ZN (NAND2_X1)                                   0.1860    16.9743 r
  U24756/ZN (OAI21_X1)                                  0.1057    17.0800 f
  U24757/ZN (AOI21_X1)                                  0.4185    17.4986 r
  U24762/ZN (OAI21_X1)                                  0.1314    17.6300 f
  U24763/ZN (AOI21_X1)                                  0.4235    18.0534 r
  U25776/ZN (OAI21_X1)                                  0.1314    18.1848 f
  U25777/ZN (AOI21_X1)                                  0.5145    18.6993 r
  U26606/ZN (OAI21_X1)                                  0.1955    18.8948 f
  U26616/CO (FA_X1)                                     0.5199    19.4147 f
  U26623/CO (FA_X1)                                     0.5172    19.9319 f
  U26627/CO (FA_X1)                                     0.5172    20.4492 f
  U26629/S (FA_X1)                                      0.8046    21.2537 r
  U26628/Z (XOR2_X1)                                    0.5039    21.7577 r
  U27128/ZN (INV_X1)                                    0.0768    21.8345 f
  U27129/ZN (AOI21_X1)                                  0.2556    22.0901 r
  U27130/ZN (OAI21_X1)                                  0.1800    22.2701 f
  U1983/ZN (AOI21_X2)                                   0.2982    22.5683 r
  U27131/ZN (OAI21_X1)                                  0.1505    22.7188 f
  U27132/ZN (AOI21_X1)                                  0.3749    23.0938 r
  U27133/ZN (OAI21_X1)                                  0.2131    23.3068 f
  U1951/ZN (INV_X1)                                     0.3616    23.6684 r
  U27142/ZN (XNOR2_X1)                                  0.4078    24.0763 r
  U27188/ZN (NOR2_X1)                                   0.1012    24.1775 f
  U27195/ZN (NAND2_X1)                                  0.1936    24.3711 r
  U2277/ZN (NOR2_X4)                                    0.2061    24.5772 f
  U27237/CO (FA_X1)                                     0.5164    25.0936 f
  U27236/CO (FA_X1)                                     0.5172    25.6108 f
  U27235/CO (FA_X1)                                     0.5172    26.1281 f
  U27234/CO (FA_X1)                                     0.5172    26.6453 f
  U27233/CO (FA_X1)                                     0.5172    27.1626 f
  U27232/CO (FA_X1)                                     0.5172    27.6798 f
  U27231/CO (FA_X1)                                     0.5172    28.1971 f
  U27230/CO (FA_X1)                                     0.5172    28.7143 f
  U27229/CO (FA_X1)                                     0.5172    29.2315 f
  U27228/CO (FA_X1)                                     0.5172    29.7488 f
  U27259/CO (FA_X1)                                     0.5172    30.2660 f
  U27281/S (FA_X1)                                      0.7146    30.9806 r
  U27260/ZN (INV_X1)                                    0.0475    31.0282 f
  U27261/ZN (NAND2_X1)                                  0.1336    31.1618 r
  U27279/ZN (AND2_X2)                                   0.1887    31.3505 r
  U2245/ZN (INV_X1)                                     0.0482    31.3987 f
  U3329/ZN (OR2_X1)                                     0.2064    31.6051 f
  U3905/ZN (OR2_X1)                                     0.2024    31.8075 f
  U3904/ZN (AND2_X1)                                    0.1864    31.9939 f
  U1944/ZN (NAND2_X2)                                   0.2076    32.2015 r
  U5181/ZN (INV_X1)                                     0.1053    32.3068 f
  U1948/ZN (NAND3_X2)                                   0.1007    32.4075 r
  U27611/ZN (AND2_X2)                                   0.4288    32.8362 r
  U2230/ZN (INV_X2)                                     0.1988    33.0350 f
  U2224/ZN (NAND2_X2)                                   0.2452    33.2802 r
  U1959/ZN (INV_X1)                                     0.2678    33.5480 f
  U30895/ZN (NAND2_X1)                                  0.1644    33.7124 r
  U2165/ZN (AND3_X1)                                    0.2395    33.9519 r
  U2156/ZN (INV_X1)                                     0.0511    34.0030 f
  U31255/Z (MUX2_X1)                                    0.6532    34.6562 f
  U2138/ZN (INV_X1)                                     0.1854    34.8416 r
  U31648/ZN (AOI21_X1)                                  0.0966    34.9382 f
  U31649/ZN (OAI21_X1)                                  0.2959    35.2341 r
  U2117/ZN (OR2_X1)                                     0.2006    35.4347 r
  U31650/ZN (NAND3_X1)                                  0.1150    35.5497 f
  U3909/ZN (AND2_X1)                                    0.2180    35.7677 f
  U2079/ZN (AND4_X1)                                    0.2163    35.9840 f
  U2078/ZN (AND4_X1)                                    0.2223    36.2063 f
  U31730/ZN (NAND3_X1)                                  0.1785    36.3848 r
  U31766/ZN (NOR3_X1)                                   0.0942    36.4790 f
  U31775/ZN (AND4_X2)                                   0.3581    36.8371 f
  U1943/ZN (AOI21_X2)                                   0.1541    36.9912 r
  U5218/ZN (INV_X1)                                     0.0968    37.0880 f
  U33377/CO (HA_X1)                                     0.2638    37.3517 f
  U31912/CO (HA_X1)                                     0.2629    37.6146 f
  U31920/CO (HA_X1)                                     0.2629    37.8775 f
  U31928/CO (HA_X1)                                     0.2629    38.1404 f
  U31937/CO (HA_X1)                                     0.2502    38.3906 f
  U31938/Z (XOR2_X1)                                    0.3645    38.7551 f
  U1949/ZN (AOI21_X2)                                   0.1989    38.9540 r
  U31940/ZN (NOR2_X1)                                   0.0886    39.0426 f
  U1992/Z (BUF_X4)                                      0.2934    39.3360 f
  scratchpad_sram_write_data[62] (out)                  0.0000    39.3360 f
  data arrival time                                               39.3360

  clock clk (rise edge)                                40.0000    40.0000
  clock network delay (ideal)                           0.0000    40.0000
  clock uncertainty                                    -0.0500    39.9500
  output external delay                                -0.5660    39.3840
  data required time                                              39.3840
  --------------------------------------------------------------------------
  data required time                                              39.3840
  data arrival time                                              -39.3360
  --------------------------------------------------------------------------
  slack (MET)                                                      0.0480


1
